<html>
<body>
<pre>
<h1>µVision Build Log</h1>
<h2>Tool Versions:</h2>
IDE-Version: µVision V5.12.0.0
Copyright (C) 2014 ARM Ltd and ARM Germany GmbH. All rights reserved.
License Information: Thinh Nguyen Trong, UTE, LIC=9WSLQ-NY9DX-ARKXW-Q0NJL-VIYFI-QS553
 
Tool Versions:
Toolchain:       MDK-ARM Standard  Version: 5.12.0.0
Toolchain Path:  C:\Keil_v5\ARM\ARMCC\Bin
C Compiler:      Armcc.exe V5.05 (build 41)
Assembler:       Armasm.exe V5.05 (build 41)
Linker/Locator:  ArmLink.exe V5.05 (build 41)
Library Manager: ArmAr.exe V5.05 (build 41)
Hex Converter:   FromElf.exe V5.05 (build 41)
CPU DLL:         SARMCM3.DLL V5.12.0.0
Dialog DLL:      DCM.DLL V1.13.0.0
    Target DLL: STLink\ST-LINKIII-KEIL_SWO.dll
Dialog DLL:      TCM.DLL V1.14.2.0
 
<h2>Project:</h2>
D:\ARM\PID_Controller\PID_STM32F103.uvprojx
Project File Date:  07/17/2015

<h2>Output:</h2>
Rebuild target 'PID'
compiling main.c...
compiling Hardware.c...
compiling AMES_PID.c...
compiling AMES_FIR.c...
compiling AMES_CLOCK.c...
compiling AMES_Delay.c...
compiling AMES_USART.c...
compiling AMES_PWM.c...
compiling AMES_ACS712.c...
compiling AMES_TIMER.c...
compiling stm32f10x_adc.c...
compiling misc.c...
compiling stm32f10x_dma.c...
compiling stm32f10x_gpio.c...
compiling stm32f10x_tim.c...
compiling stm32f10x_usart.c...
compiling stm32f10x_rcc.c...
compiling core_cm3.c...
compiling system_stm32f10x.c...
assembling startup_stm32f10x_hd.s...
linking...
Program Size: Code=16248 RO-data=400 RW-data=156 ZI-data=4164  
FromELF: creating hex file...
".\Objects\PID_STM32F103.axf" - 0 Error(s), 0 Warning(s).

<h2>Collection of Component include folders:</h2>
  D:\ARM\PID_Controller\RTE
  C:\Keil_v5\ARM\PACK\Keil\STM32F1xx_DFP\1.0.2\Device\Include

<h2>Collection of Component Files used:</h2>
Load "D:\\ARM\\PID_Controller\\Objects\\PID_STM32F103.axf" 
Erase Done.
Programming Done.
Verify OK.
Application running ...
</pre>
</body>
</html>
